MPLINK 4.49, Linker
Linker Map File - Created Tue Oct 22 12:46:50 2019

                                 Section Info
                  Section       Type    Address   Location Size(Bytes)
                ---------  ---------  ---------  ---------  ---------
                   .org_0       code   0x000000    program   0x00009a
                   .cinit    romdata   0x00004d    program   0x000004
.config_2007_SEMAFORO4_V2.O       code   0x002007    program   0x000002



                              Program Memory Usage 
                               Start         End      
                           ---------   ---------      
                            0x000000    0x00004e      
                            0x002007    0x002007      
            80 out of 4230 program addresses used, program memory utilization is 1%



                              Symbols - Sorted by Name
                     Name    Address   Location    Storage File                     
                ---------  ---------  ---------  --------- ---------                
                       c1   0x000009    program     static E:\Sistemas programables\proyectos\semaforo4_v2\semaforo4_v2.asm
                       c2   0x00001c    program     static E:\Sistemas programables\proyectos\semaforo4_v2\semaforo4_v2.asm
                       c3   0x00002b    program     static E:\Sistemas programables\proyectos\semaforo4_v2\semaforo4_v2.asm
                       c4   0x00003e    program     static E:\Sistemas programables\proyectos\semaforo4_v2\semaforo4_v2.asm
                      lb2   0x00001e    program     static E:\Sistemas programables\proyectos\semaforo4_v2\semaforo4_v2.asm
                      lb3   0x000031    program     static E:\Sistemas programables\proyectos\semaforo4_v2\semaforo4_v2.asm
                      lb4   0x000040    program     static E:\Sistemas programables\proyectos\semaforo4_v2\semaforo4_v2.asm
                      lc2   0x000020    program     static E:\Sistemas programables\proyectos\semaforo4_v2\semaforo4_v2.asm
                      lc3   0x000033    program     static E:\Sistemas programables\proyectos\semaforo4_v2\semaforo4_v2.asm
                      lc4   0x000042    program     static E:\Sistemas programables\proyectos\semaforo4_v2\semaforo4_v2.asm
                      ld2   0x000021    program     static E:\Sistemas programables\proyectos\semaforo4_v2\semaforo4_v2.asm
                      ld3   0x000034    program     static E:\Sistemas programables\proyectos\semaforo4_v2\semaforo4_v2.asm
                      ld4   0x000043    program     static E:\Sistemas programables\proyectos\semaforo4_v2\semaforo4_v2.asm
                      le2   0x000022    program     static E:\Sistemas programables\proyectos\semaforo4_v2\semaforo4_v2.asm
                      le3   0x000035    program     static E:\Sistemas programables\proyectos\semaforo4_v2\semaforo4_v2.asm
                      le4   0x000044    program     static E:\Sistemas programables\proyectos\semaforo4_v2\semaforo4_v2.asm
                    loopb   0x00000f    program     static E:\Sistemas programables\proyectos\semaforo4_v2\semaforo4_v2.asm
                    loopc   0x000011    program     static E:\Sistemas programables\proyectos\semaforo4_v2\semaforo4_v2.asm
                    loopd   0x000012    program     static E:\Sistemas programables\proyectos\semaforo4_v2\semaforo4_v2.asm
                    loope   0x000013    program     static E:\Sistemas programables\proyectos\semaforo4_v2\semaforo4_v2.asm



                              Symbols - Sorted by Address
                     Name    Address   Location    Storage File                     
                ---------  ---------  ---------  --------- ---------                
                       c1   0x000009    program     static E:\Sistemas programables\proyectos\semaforo4_v2\semaforo4_v2.asm
                    loopb   0x00000f    program     static E:\Sistemas programables\proyectos\semaforo4_v2\semaforo4_v2.asm
                    loopc   0x000011    program     static E:\Sistemas programables\proyectos\semaforo4_v2\semaforo4_v2.asm
                    loopd   0x000012    program     static E:\Sistemas programables\proyectos\semaforo4_v2\semaforo4_v2.asm
                    loope   0x000013    program     static E:\Sistemas programables\proyectos\semaforo4_v2\semaforo4_v2.asm
                       c2   0x00001c    program     static E:\Sistemas programables\proyectos\semaforo4_v2\semaforo4_v2.asm
                      lb2   0x00001e    program     static E:\Sistemas programables\proyectos\semaforo4_v2\semaforo4_v2.asm
                      lc2   0x000020    program     static E:\Sistemas programables\proyectos\semaforo4_v2\semaforo4_v2.asm
                      ld2   0x000021    program     static E:\Sistemas programables\proyectos\semaforo4_v2\semaforo4_v2.asm
                      le2   0x000022    program     static E:\Sistemas programables\proyectos\semaforo4_v2\semaforo4_v2.asm
                       c3   0x00002b    program     static E:\Sistemas programables\proyectos\semaforo4_v2\semaforo4_v2.asm
                      lb3   0x000031    program     static E:\Sistemas programables\proyectos\semaforo4_v2\semaforo4_v2.asm
                      lc3   0x000033    program     static E:\Sistemas programables\proyectos\semaforo4_v2\semaforo4_v2.asm
                      ld3   0x000034    program     static E:\Sistemas programables\proyectos\semaforo4_v2\semaforo4_v2.asm
                      le3   0x000035    program     static E:\Sistemas programables\proyectos\semaforo4_v2\semaforo4_v2.asm
                       c4   0x00003e    program     static E:\Sistemas programables\proyectos\semaforo4_v2\semaforo4_v2.asm
                      lb4   0x000040    program     static E:\Sistemas programables\proyectos\semaforo4_v2\semaforo4_v2.asm
                      lc4   0x000042    program     static E:\Sistemas programables\proyectos\semaforo4_v2\semaforo4_v2.asm
                      ld4   0x000043    program     static E:\Sistemas programables\proyectos\semaforo4_v2\semaforo4_v2.asm
                      le4   0x000044    program     static E:\Sistemas programables\proyectos\semaforo4_v2\semaforo4_v2.asm


